[2025-07-07 16:30:59,582] ERROR in routes:  Forecast failed: 'charmap' codec can't encode character '\U0001f9fc' in position 0: character maps to <undefined>
[2025-07-07 16:35:03,252] ERROR in routes:  Forecast failed: 'charmap' codec can't encode character '\U0001f9fc' in position 0: character maps to <undefined>
[2025-07-07 16:40:09,588] ERROR in routes:  Forecast failed: 'charmap' codec can't encode character '\U0001f9fc' in position 0: character maps to <undefined>
[2025-07-07 16:44:37,787] ERROR in routes:  Forecast failed: 'charmap' codec can't encode character '\U0001f9fc' in position 0: character maps to <undefined>
[2025-07-07 16:49:35,511] ERROR in routes:  Forecast failed: 'charmap' codec can't encode character '\U0001f9fc' in position 0: character maps to <undefined>
[2025-07-07 16:51:05,711] ERROR in routes:  Forecast failed: 'charmap' codec can't encode character '\U0001f9fc' in position 0: character maps to <undefined>
[2025-07-07 16:53:04,132] ERROR in routes:  Forecast failed: 'list' object has no attribute 'mean'
[2025-07-07 16:58:27,344] ERROR in routes:  Forecast failed: 'list' object has no attribute 'mean'
[2025-07-07 17:02:40,800] ERROR in routes:  Forecast failed: 'list' object has no attribute 'mean'
[2025-07-07 17:03:53,454] ERROR in routes:  Forecast failed: 'list' object has no attribute 'mean'
[2025-07-07 17:06:25,336] ERROR in routes:  Forecast failed: 'list' object has no attribute 'mean'
[2025-07-07 17:10:11,776] ERROR in routes:  Forecast failed: 'list' object has no attribute 'mean'
[2025-07-07 17:11:42,741] ERROR in routes:  Forecast failed: 'list' object has no attribute 'mean'
[2025-07-07 17:13:26,926] ERROR in routes:  Forecast failed: 'list' object has no attribute 'mean'
[2025-07-07 17:16:26,198] ERROR in routes:  Forecast failed: 4 columns passed, passed data had 2 columns
[2025-07-07 17:23:05,217] ERROR in routes:  Forecast failed: unsupported format string passed to list.__format__
[2025-07-07 17:25:31,196] ERROR in routes:  Forecast failed: unsupported format string passed to numpy.ndarray.__format__
[2025-07-07 17:28:01,006] ERROR in routes:  Forecast failed: 2 columns passed, passed data had 4 columns
[2025-07-07 17:38:33,510] ERROR in routes:  Forecast failed: name 'feature_columns' is not defined
[2025-07-08 13:58:46,312] ERROR in routes: Trade route failed: name 'compute_features' is not defined
[2025-07-08 14:01:23,797] ERROR in routes: Trade route failed: name 'compute_features' is not defined
[2025-07-08 14:17:09,639] ERROR in mt5: Trade execution error: MT5 initialization failed (-2): Invalid "path" argument
Traceback (most recent call last):
  File "C:\Users\DELL\Desktop\TUT\File\Trad\src\mt5.py", line 35, in trade_from_forecast
    initialize_mt5(login, password, server)
  File "C:\Users\DELL\Desktop\TUT\File\Trad\src\mt5.py", line 14, in initialize_mt5
    raise RuntimeError(f"MT5 initialization failed ({error_code}): {description}")
RuntimeError: MT5 initialization failed (-2): Invalid "path" argument
[2025-07-08 14:24:02,996] ERROR in mt5: Trade execution error: MT5 initialization failed (-10003): IPC initialize failed, MetaTrader 5 x64 not found
Traceback (most recent call last):
  File "C:\Users\DELL\Desktop\TUT\File\Trad\src\mt5.py", line 42, in trade_from_forecast
    initialize_mt5(login, password, server)
  File "C:\Users\DELL\Desktop\TUT\File\Trad\src\mt5.py", line 20, in initialize_mt5
    raise RuntimeError(f"MT5 initialization failed ({error_code}): {description}")
RuntimeError: MT5 initialization failed (-10003): IPC initialize failed, MetaTrader 5 x64 not found
[2025-07-08 15:03:32,718] INFO in mt5: Connected to MetaTrader 5 successfully.
[2025-07-08 15:03:32,718] ERROR in mt5: Trade execution error: forecast_next_7_days() got an unexpected keyword argument 'feature_columns'
Traceback (most recent call last):
  File "C:\Users\DELL\Desktop\TUT\File\Trad\src\mt5.py", line 50, in trade_from_forecast
    forecast, _ = forecast_next_7_days(df, model=model, feature_columns=feature_columns)
                  ^^^^^^^^^^^^^^^^^^^^^^^^^^^^^^^^^^^^^^^^^^^^^^^^^^^^^^^^^^^^^^^^^^^^^^
TypeError: forecast_next_7_days() got an unexpected keyword argument 'feature_columns'
[2025-07-08 15:08:44,057] INFO in mt5: Connected to MetaTrader 5 successfully.
[2025-07-08 15:08:46,557] ERROR in mt5: Trade execution error: name 'forecast' is not defined
Traceback (most recent call last):
  File "C:\Users\DELL\Desktop\TUT\File\Trad\src\mt5.py", line 60, in trade_from_forecast
    tomorrow_price = forecast.iloc[0]['Predicted_Close']
                     ^^^^^^^^
NameError: name 'forecast' is not defined. Did you mean: 'forecast_df'?
[2025-07-08 15:10:55,186] INFO in mt5: Connected to MetaTrader 5 successfully.
[2025-07-08 15:10:57,035] INFO in mt5: EURUSD ï¿½ Current: 1.17702, Forecast: 1.17466
[2025-07-08 15:24:15,594] INFO in mt5: Connected to MetaTrader 5 successfully.
[2025-07-08 15:24:17,700] INFO in mt5: EURUSD — Current: 1.17702, Forecast: 1.18076
[2025-07-08 15:24:17,701] ERROR in mt5: Trade execution error: name 'result' is not defined
Traceback (most recent call last):
  File "C:\Users\DELL\Desktop\TUT\File\Trad\src\mt5.py", line 93, in trade_from_forecast
    if result.retcode != mt5.TRADE_RETCODE_DONE:
       ^^^^^^
NameError: name 'result' is not defined
[2025-07-08 15:25:21,218] INFO in mt5: Connected to MetaTrader 5 successfully.
[2025-07-08 15:25:24,369] INFO in mt5: EURUSD — Current: 1.17702, Forecast: 1.17296
[2025-07-08 15:25:24,370] ERROR in mt5: Trade execution error: name 'result' is not defined
Traceback (most recent call last):
  File "C:\Users\DELL\Desktop\TUT\File\Trad\src\mt5.py", line 93, in trade_from_forecast
NameError: name 'result' is not defined
[2025-07-08 15:27:22,621] INFO in mt5: Connected to MetaTrader 5 successfully.
[2025-07-08 15:27:25,188] INFO in mt5: EURUSD — Current: 1.17702, Forecast: 1.17849
[2025-07-08 15:27:25,188] ERROR in mt5: Trade execution error: name 'result' is not defined
Traceback (most recent call last):
  File "C:\Users\DELL\Desktop\TUT\File\Trad\src\mt5.py", line 93, in trade_from_forecast
NameError: name 'result' is not defined
[2025-07-08 15:28:44,896] INFO in mt5: Connected to MetaTrader 5 successfully.
[2025-07-08 15:28:46,563] INFO in mt5: EURUSD — Current: 1.17702, Forecast: 1.18051
[2025-07-08 15:28:46,563] ERROR in mt5: Trade failed (retcode=10030): {'retcode': 10030, 'deal': 0, 'order': 0, 'volume': 0.0, 'price': 0.0, 'bid': 0.0, 'ask': 0.0, 'comment': 'Unsupported filling mode', 'request_id': 0, 'retcode_external': 0, 'request': TradeRequest(action=1, magic=20250707, order=0, symbol='EURUSD', volume=0.1, price=1.16936, stoplimit=0.0, sl=0.0, tp=0.0, deviation=10, type=0, type_filling=1, type_time=0, expiration=0, comment='ForecastBot AutoTrade', position=0, position_by=0)}
[2025-07-08 15:34:35,923] INFO in mt5: Connected to MetaTrader 5 successfully.
[2025-07-08 15:34:38,147] INFO in mt5: EURUSD — Current: 1.17702, Forecast: 1.17423
[2025-07-08 15:34:38,272] ERROR in mt5: Trade execution error: 'SymbolInfo' object has no attribute 'trade_fill_mode'
Traceback (most recent call last):
  File "C:\Users\DELL\Desktop\TUT\File\Trad\src\mt5.py", line 83, in trade_from_forecast
    if symbol_info.trade_fill_mode == mt5.ORDER_FILLING_FOK:
       ^^^^^^^^^^^^^^^^^^^^^^^^^^^
AttributeError: 'SymbolInfo' object has no attribute 'trade_fill_mode'. Did you mean: 'trade_calc_mode'?
[2025-07-08 15:40:01,426] INFO in mt5: Connected to MetaTrader 5 successfully.
[2025-07-08 15:40:03,537] INFO in mt5: EURUSD — Current: 1.17702, Forecast: 1.17560
[2025-07-08 15:40:03,542] ERROR in mt5: Trade execution error: 'SymbolInfo' object has no attribute 'fillings'
Traceback (most recent call last):
  File "C:\Users\DELL\Desktop\TUT\File\Trad\src\mt5.py", line 84, in trade_from_forecast
    supported_fills = symbol_info.fillings
                      ^^^^^^^^^^^^^^^^^^^^
AttributeError: 'SymbolInfo' object has no attribute 'fillings'
[2025-07-08 15:48:41,104] INFO in mt5: Connected to MetaTrader 5 successfully.
[2025-07-08 15:48:42,731] INFO in mt5: EURUSD — Current: 1.17702, Forecast: 1.17363
[2025-07-08 15:48:47,054] ERROR in mt5: Trade execution error: No supported filling mode accepted by order_check for EURUSD
Traceback (most recent call last):
  File "C:\Users\DELL\Desktop\TUT\File\Trad\src\mt5.py", line 109, in trade_from_forecast
    raise RuntimeError(f"No supported filling mode accepted by order_check for {symbol}")
RuntimeError: No supported filling mode accepted by order_check for EURUSD
[2025-07-08 15:53:48,470] INFO in mt5: Connected to MetaTrader 5 successfully.
[2025-07-08 15:53:50,155] INFO in mt5: EURUSD — Current: 1.17702, Forecast: 1.17963
[2025-07-08 15:53:50,155] WARNING in mt5: No approved fill mode from order_check; using symbol default: 1
[2025-07-08 15:53:50,155] ERROR in mt5: Trade failed (retcode=10030): {'retcode': 10030, 'deal': 0, 'order': 0, 'volume': 0.0, 'price': 0.0, 'bid': 0.0, 'ask': 0.0, 'comment': 'Unsupported filling mode', 'request_id': 0, 'retcode_external': 0, 'request': TradeRequest(action=1, magic=20250707, order=0, symbol='EURUSD', volume=0.1, price=1.16922, stoplimit=0.0, sl=0.0, tp=0.0, deviation=10, type=0, type_filling=1, type_time=0, expiration=0, comment='ForecastBot AutoTrade', position=0, position_by=0)}
[2025-07-08 16:01:04,584] INFO in mt5: Connected to MetaTrader 5 successfully.
[2025-07-08 16:01:06,717] INFO in mt5: EURUSD — Current: 1.17702, Forecast: 1.17949
[2025-07-08 16:01:06,717] WARNING in mt5: No approved fill mode from order_check; using symbol default: 1
[2025-07-08 16:01:06,717] ERROR in mt5: Trade failed (retcode=10030): {'retcode': 10030, 'deal': 0, 'order': 0, 'volume': 0.0, 'price': 0.0, 'bid': 0.0, 'ask': 0.0, 'comment': 'Unsupported filling mode', 'request_id': 0, 'retcode_external': 0, 'request': TradeRequest(action=1, magic=20250707, order=0, symbol='EURUSD', volume=0.1, price=1.16936, stoplimit=0.0, sl=0.0, tp=0.0, deviation=10, type=0, type_filling=1, type_time=0, expiration=0, comment='ForecastBot AutoTrade', position=0, position_by=0)}
[2025-07-08 16:03:09,895] INFO in mt5: Connected to MetaTrader 5 successfully.
[2025-07-08 16:03:12,312] INFO in mt5: EURUSD — Current: 1.17702, Forecast: 1.17534
[2025-07-08 16:03:13,371] WARNING in mt5: No approved fill mode from order_check; using symbol default: 1
[2025-07-08 16:03:13,371] ERROR in mt5: Trade failed (retcode=10030): {'retcode': 10030, 'deal': 0, 'order': 0, 'volume': 0.0, 'price': 0.0, 'bid': 0.0, 'ask': 0.0, 'comment': 'Unsupported filling mode', 'request_id': 0, 'retcode_external': 0, 'request': TradeRequest(action=1, magic=20250707, order=0, symbol='EURUSD', volume=0.1, price=1.16903, stoplimit=0.0, sl=0.0, tp=0.0, deviation=10, type=1, type_filling=1, type_time=0, expiration=0, comment='ForecastBot AutoTrade', position=0, position_by=0)}
[2025-07-08 16:04:22,203] INFO in mt5: Connected to MetaTrader 5 successfully.
[2025-07-08 16:04:24,318] INFO in mt5: EURUSD — Current: 1.17702, Forecast: 1.17838
[2025-07-08 16:04:24,318] WARNING in mt5: No approved fill mode from order_check; using symbol default: 1
[2025-07-08 16:04:24,318] ERROR in mt5: Trade failed (retcode=10030): {'retcode': 10030, 'deal': 0, 'order': 0, 'volume': 0.0, 'price': 0.0, 'bid': 0.0, 'ask': 0.0, 'comment': 'Unsupported filling mode', 'request_id': 0, 'retcode_external': 0, 'request': TradeRequest(action=1, magic=20250707, order=0, symbol='EURUSD', volume=0.1, price=1.16911, stoplimit=0.0, sl=0.0, tp=0.0, deviation=10, type=0, type_filling=1, type_time=0, expiration=0, comment='ForecastBot AutoTrade', position=0, position_by=0)}
[2025-07-08 16:10:04,954] INFO in mt5: Connected to MetaTrader 5 successfully.
[2025-07-08 16:10:11,191] INFO in mt5: EURUSD — Current: 1.17702, Forecast: 1.17396
[2025-07-08 16:10:21,378] ERROR in mt5: Trade failed (retcode=10031): {'retcode': 10031, 'deal': 0, 'order': 0, 'volume': 0.0, 'price': 0.0, 'bid': 0.0, 'ask': 0.0, 'comment': 'Request rejected due to absence of network connection', 'request_id': 957482791, 'retcode_external': 0, 'request': TradeRequest(action=1, magic=20250707, order=0, symbol='EURUSD', volume=0.1, price=1.16959, stoplimit=0.0, sl=0.0, tp=0.0, deviation=10, type=1, type_filling=0, type_time=0, expiration=0, comment='ForecastBot AutoTrade', position=0, position_by=0)}
[2025-07-08 16:12:31,163] INFO in mt5: Connected to MetaTrader 5 successfully.
[2025-07-08 16:12:33,185] INFO in mt5: EURUSD — Current: 1.17702, Forecast: 1.17499
[2025-07-08 16:12:33,620] INFO in mt5: Trade executed: SELL EURUSD at 1.16962
